[15:12:42] [main/INFO]: Loading Minecraft 1.21.1 with Fabric Loader 0.19.5
[15:12:42] [main/WARN]: Warnings were found!
 - Mod 'Forge Config API Port' (forgeconfigapiport) 21.1.6 recommends any version of modmenu, which is missing!
	 - You should install any version of modmenu for the optimal experience.
[15:12:42] [main/INFO]: Loading 120 mods:
	- architectury 13.0.11
	- beltborne_lanterns 1.2.5
	- cloth-config 15.0.140
	   \-- cloth-basic-math 0.6.1
	- clumps 19.0.0.1
	- creativecore 2.13.48
	   \-- net_neoforged_bus 7.2.0
	- elitex 5.1
	- entityculling 1.11.2
	   |-- transition 1.0.25
	   \-- trender 1.0.17
	- fabric-api 0.116.17+1.21.1
	   |-- fabric-api-base 0.4.42+6573ed8c19
	   |-- fabric-api-lookup-api-v1 1.6.72+7b3d111d19
	   |-- fabric-biome-api-v1 13.0.31+d527f9fd19
	   |-- fabric-block-api-v1 1.1.0+0bc3503219
	   |-- fabric-block-view-api-v2 1.0.11+ebb2264e19
	   |-- fabric-command-api-v1 1.2.49+f71b366f19
	   |-- fabric-command-api-v2 2.2.28+6ced4dd919
	   |-- fabric-commands-v0 0.2.66+df3654b319
	   |-- fabric-content-registries-v0 8.0.19+b559734419
	   |-- fabric-convention-tags-v1 2.1.7+7f945d5b19
	   |-- fabric-convention-tags-v2 2.12.0+c3656daa19
	   |-- fabric-crash-report-info-v1 0.2.29+0af3f5a719
	   |-- fabric-data-attachment-api-v1 1.4.7+5b36e0f719
	   |-- fabric-data-generation-api-v1 20.3.0+1eb36c0719
	   |-- fabric-dimensions-v1 4.0.1+65213ef819
	   |-- fabric-entity-events-v1 1.8.0+2b27e0a419
	   |-- fabric-events-interaction-v0 0.7.14+ba9dae0619
	   |-- fabric-game-rule-api-v1 1.0.53+6ced4dd919
	   |-- fabric-item-api-v1 11.3.0+467044f319
	   |-- fabric-item-group-api-v1 4.1.7+def88e3a19
	   |-- fabric-lifecycle-events-v1 2.6.0+0865547519
	   |-- fabric-loot-api-v2 3.0.15+3f89f5a519
	   |-- fabric-loot-api-v3 1.0.3+3f89f5a519
	   |-- fabric-message-api-v1 6.0.14+8aaf3aca19
	   |-- fabric-networking-api-v1 4.3.1+d30f6a7919
	   |-- fabric-object-builder-api-v1 15.2.1+40875a9319
	   |-- fabric-particles-v1 4.0.2+6573ed8c19
	   |-- fabric-recipe-api-v1 5.0.16+2475392c19
	   |-- fabric-registry-sync-v0 5.3.2+e3eddc2119
	   |-- fabric-rendering-data-attachment-v1 0.3.49+73761d2e19
	   |-- fabric-rendering-fluids-v1 3.1.6+1daea21519
	   |-- fabric-resource-conditions-api-v1 4.3.0+8dc279b119
	   |-- fabric-resource-loader-v0 1.3.1+5b5275af19
	   |-- fabric-screen-handler-api-v1 1.3.91+b559734419
	   |-- fabric-tag-api-v1 1.3.0+1eb36c0719
	   |-- fabric-transfer-api-v1 5.4.4+7b3d111d19
	   \-- fabric-transitive-access-wideners-v1 6.2.0+45b9699719
	- fabric-language-kotlin 1.14.1+kotlin.2.4.20
	   |-- org_jetbrains_kotlin_kotlin-reflect 2.4.20
	   |-- org_jetbrains_kotlin_kotlin-stdlib 2.4.20
	   |-- org_jetbrains_kotlin_kotlin-stdlib-jdk7 2.4.20
	   |-- org_jetbrains_kotlin_kotlin-stdlib-jdk8 2.4.20
	   |-- org_jetbrains_kotlinx_atomicfu-jvm 0.33.0
	   |-- org_jetbrains_kotlinx_kotlinx-coroutines-core-jvm 1.11.0
	   |-- org_jetbrains_kotlinx_kotlinx-coroutines-jdk8 1.11.0
	   |-- org_jetbrains_kotlinx_kotlinx-datetime-jvm 0.8.0
	   |-- org_jetbrains_kotlinx_kotlinx-io-bytestring-jvm 0.9.1
	   |-- org_jetbrains_kotlinx_kotlinx-io-core-jvm 0.9.1
	   |-- org_jetbrains_kotlinx_kotlinx-serialization-cbor-jvm 1.11.0
	   |-- org_jetbrains_kotlinx_kotlinx-serialization-core-jvm 1.11.0
	   \-- org_jetbrains_kotlinx_kotlinx-serialization-json-jvm 1.11.0
	- fabricloader 0.19.5
	   \-- mixinextras 0.5.5
	- ferritecore 7.0.3
	- forgeconfigapiport 21.1.6
	   |-- com_electronwill_night-config_core 3.8.0
	   \-- com_electronwill_night-config_toml 3.8.0
	- geckolib 4.9.3
	- gravestones 1.4.2
	- java 21
	- jei 19.57.0.447
	- justzoom 2.1.0
	- konkrete 1.9.9
	- lithium 0.15.4+mc1.21.1
	- memoryleakfix 1.1.5
	- mezz_config 0.6.3
	- minecraft 1.21.1
	- modernfix 5.25.1+mc1.21.1
	- pneumonocore 1.3.1
	- presence 2.3.2
	- shydweller 1.0.0
	- skinrestorer 2.11.0+1.21-fabric
	   \-- org_mineskin_java-client 3.4.0
	- sophisticatedbackpacks 1.21.1-3.23.4.3.106
	- sophisticatedcore 1.21.1-1.2.9.21.168
	   |-- porting_lib_conditions 3.1.0-beta.47+1.21.1
	   |-- porting_lib_core 3.1.0-beta.47+1.21.1
	   |-- porting_lib_fluids 3.1.0-beta.47+1.21.1
	   |-- porting_lib_item_abilities 3.1.0-beta.47+1.21.1
	   |-- porting_lib_lazy_registration 3.1.0-beta.47+1.21.1
	   |-- porting_lib_level_events 3.1.0-beta.47+1.21.1
	   |-- porting_lib_loot 3.1.0-beta.47+1.21.1
	   |-- porting_lib_model_loader 3.1.0-beta.47+1.21.1
	   |-- porting_lib_render_types 3.1.0-beta.47+1.21.1
	   |-- porting_lib_transfer 3.1.0-beta.47+1.21.1
	   \-- team_reborn_energy 4.1.0
	- tacz 0.7.0-forge1.1.8-hotfix
	   |-- cardinal-components-base 6.1.2
	   |-- cardinal-components-entity 6.1.2
	   |-- com_github_figuramc_luaj_luaj-core 3.0.8-figura
	   |-- com_github_figuramc_luaj_luaj-jse 3.0.8-figura
	   |-- org_apache_bcel_bcel 6.6.1
	   |-- org_apache_commons_commons-math3 3.6.1
	   \-- simplebedrockmodel 2.3.0.1+mc1.21.1
	        \-- com_maydaymemory_mae 1.1.1
	- tacztweaks 3.0.0-alpha.10+1.21.1-fabric
	   \-- mixinsquared 0.3.7-beta.1
	- touhou_little_maid 0.8.2-neo1.5.3+mc1.21.1
	   |-- cardinal-components-base 6.1.2
	   |-- cardinal-components-entity 6.1.2
	   \-- org_openjdk_nashorn_nashorn-core 15.4
	- yet_another_config_lib_v3 3.8.2+1.21.1-fabric
	   |-- com_twelvemonkeys_common_common-image 3.12.0
	   |-- com_twelvemonkeys_common_common-io 3.12.0
	   |-- com_twelvemonkeys_common_common-lang 3.12.0
	   |-- com_twelvemonkeys_imageio_imageio-core 3.12.0
	   |-- com_twelvemonkeys_imageio_imageio-metadata 3.12.0
	   |-- com_twelvemonkeys_imageio_imageio-webp 3.12.0
	   |-- org_quiltmc_parsers_gson 0.2.1
	   \-- org_quiltmc_parsers_json 0.2.1
[15:12:42] [main/WARN]: Found 1 non-fabric mod:
	- the_goat_man_remastered-1.2.0-neoforge-1.21.1.jar
[15:12:42] [main/INFO]: SpongePowered MIXIN Subsystem Version=0.8.7 Source=file:/home/ms33/fabric-server/libraries/net/fabricmc/sponge-mixin/0.17.4+mixin.0.8.7/sponge-mixin-0.17.4+mixin.0.8.7.jar Service=Knot/Fabric Env=SERVER
[15:12:42] [main/WARN]: Reference map 'beltborne_lanterns-fabric.refmap.json' for beltborne_lanterns.fabric.mixins.json could not be read. If this is a development environment you can ignore this message
[15:12:42] [main/WARN]: Reference map 'forgeconfigapiport.common.refmap.json' for forgeconfigapiport.common.mixins.json could not be read. If this is a development environment you can ignore this message
[15:12:42] [main/WARN]: Reference map 'geckolib.refmap.json' for geckolib.mixins.json could not be read. If this is a development environment you can ignore this message
[15:12:42] [main/INFO]: Option 'mixin.entity.collisions.fluid' requires 'mixin.util.block_tracking=true' but found 'false'. Setting 'mixin.entity.collisions.fluid=false'.
[15:12:42] [main/INFO]: Option 'mixin.experimental.entity.block_caching.block_support' requires 'mixin.util.block_tracking=true' but found 'false'. Setting 'mixin.experimental.entity.block_caching.block_support=false'.
[15:12:42] [main/INFO]: Option 'mixin.experimental.entity.block_caching.fluid_pushing' requires 'mixin.util.block_tracking=true' but found 'false'. Setting 'mixin.experimental.entity.block_caching.fluid_pushing=false'.
[15:12:42] [main/INFO]: Option 'mixin.experimental.entity.block_caching.block_touching' requires 'mixin.util.block_tracking=true' but found 'false'. Setting 'mixin.experimental.entity.block_caching.block_touching=false'.
[15:12:42] [main/INFO]: Option 'mixin.experimental.entity.block_caching.suffocation' requires 'mixin.util.block_tracking=true' but found 'false'. Setting 'mixin.experimental.entity.block_caching.suffocation=false'.
[15:12:42] [main/INFO]: Option 'mixin.experimental.entity.block_caching' requires 'mixin.util.block_tracking=true' but found 'false'. Setting 'mixin.experimental.entity.block_caching=false'.
[15:12:42] [main/INFO]: Loaded configuration file for Lithium: 150 options available, 0 override(s) found
[15:12:43] [main/WARN]: Reference map 'memoryleakfix-fabric-1.17+-fabric-refmap.json' for memoryleakfix-fabric.mixins.json could not be read. If this is a development environment you can ignore this message
[15:12:43] [main/INFO]: Loaded configuration file for ModernFix 5.25.1+mc1.21.1: 65 options available, 0 override(s) found
[15:12:43] [main/INFO]: Applying Nashorn fix
[15:12:43] [main/WARN]: Reference map 'tacztweaks.refmap.json' for tacztweaks.mixins.json could not be read. If this is a development environment you can ignore this message
[15:12:43] [main/WARN]: Reference map 'tacztweaks-fabric.refmap.json' for tacztweaks-fabric.mixins.json could not be read. If this is a development environment you can ignore this message
[15:12:43] [main/WARN]: Reference map 'touhou_little_maid.refmap.json' for touhou_little_maid.mixins.json could not be read. If this is a development environment you can ignore this message
[15:12:43] [main/WARN]: Reference map 'touhou_little_maid.refmap.json' for touhou_little_maid_fabric.mixins.json could not be read. If this is a development environment you can ignore this message
[15:12:43] [main/WARN]: Reference map 'yet_another_config_lib_v3.refmap.json' for yacl.mixins.json could not be read. If this is a development environment you can ignore this message
[15:12:43] [main/WARN]: Reference map 'yet_another_config_lib_v3.refmap.json' for yacl-fabric.mixins.json could not be read. If this is a development environment you can ignore this message
[15:12:43] [main/WARN]: Error loading class: net/minecraft/class_906 (java.lang.ClassNotFoundException: net/minecraft/class_906)
[15:12:43] [main/WARN]: @Mixin target net.minecraft.class_906 was not found porting_lib_item_abilities.mixins.json:FishingHookRendererMixin from mod porting_lib_item_abilities
[15:12:43] [main/WARN]: Error loading class: com/electronwill/nightconfig/core/io/IoUtils (java.lang.ClassNotFoundException: com/electronwill/nightconfig/core/io/IoUtils)
[15:12:43] [main/WARN]: Error loading class: net/minecraft/class_638 (java.lang.ClassNotFoundException: net/minecraft/class_638)
[15:12:43] [main/WARN]: @Mixin target net.minecraft.class_638 was not found porting_lib_level_events.mixins.json:client.ClientLevelMixin from mod porting_lib_level_events
[15:12:43] [main/WARN]: Error loading class: net/minecraft/class_310 (java.lang.ClassNotFoundException: net/minecraft/class_310)
[15:12:43] [main/WARN]: @Mixin target net.minecraft.class_310 was not found tacztweaks.mixins.json:feature.gameplay.behaviour.bullet_protection.ProtectionEnchantmentMixin from mod tacztweaks
[15:12:43] [main/INFO]: [MemoryLeakFix] Will be applying 1 memory leak fixes!
[15:12:43] [main/INFO]: [MemoryLeakFix] Currently enabled memory leak fixes: [biomeTemperatureLeak]
[15:12:43] [main/INFO]: Initializing MixinExtras via com.llamalad7.mixinextras.service.MixinExtrasServiceImpl(version=0.5.5).
[15:12:45] [main/WARN]: Static binding violation: PRIVATE @Overwrite method method_21740 in modernfix-common.mixins.json:perf.remove_biome_temperature_cache.BiomeMixin from mod modernfix cannot reduce visibiliy of PUBLIC target method, visibility will be upgraded.
[15:12:45] [main/WARN]: Method overwrite conflict for method_21740 in modernfix-common.mixins.json:perf.remove_biome_temperature_cache.BiomeMixin from mod modernfix, previously written by net.caffeinemc.mods.lithium.mixin.world.temperature_cache.BiomeMixin. Skipping method.
[15:12:47] [main/INFO]: Vanilla bootstrap took 3107 milliseconds
[15:12:47] [main/ERROR]: No data fixer registered for maid
[15:12:47] [main/INFO]: Initializing v1.2.5 [Fabric]
[15:12:47] [main/INFO]: Registered default gun pack: elitex_quality_guns at /assets/elitex/custom/elitex_quality_guns
[15:12:47] [main/INFO]: Registering the Mod Itemselitex
[15:12:47] [main/INFO]: Initializing Gravestones
[15:12:47] [main/ERROR]: No data fixer registered for gravestone_skeleton
[15:12:47] [main/WARN]: [JUST ZOOM] Disabling 'Just Zoom' since it's a client-side mod and current environment is server!
[15:12:47] [main/INFO]: [KONKRETE] Loading v1.9.9 in server-side mode on FABRIC!
[15:12:47] [main/INFO]: ---------------------------
[15:12:47] [main/INFO]: KONKRETE SHIPS AND USES THE FOLLOWING LIBRARIES:
[15:12:47] [main/INFO]:  
[15:12:47] [main/INFO]: Open Imaging Copyright © 2014 Dhyan Blum.
[15:12:47] [main/INFO]: Open Imaging is licensed under Apache-2.0.
[15:12:47] [main/INFO]:  
[15:12:47] [main/INFO]: JsonPath Copyright © 2017 Jayway.
[15:12:47] [main/INFO]: JsonPath is licensed under Apache-2.0.
[15:12:47] [main/INFO]:  
[15:12:47] [main/INFO]: Json-smart Copyright © netplex.
[15:12:47] [main/INFO]: Json-smart is licensed under Apache-2.0.
[15:12:47] [main/INFO]:  
[15:12:47] [main/INFO]: Exp4j Copyright © Frank Asseg.
[15:12:47] [main/INFO]: Exp4j is licensed under Apache-2.0. https://github.com/fasseg/exp4j
[15:12:47] [main/INFO]: ---------------------------
[15:12:47] [main/INFO]: [KONKRETE] Server-side modules initialized and ready to use!
[15:12:47] [main/INFO]: Initializing PneumonoCore
[15:12:47] [main/ERROR]: No data fixer registered for killer
[15:12:47] [main/INFO]: [Presence] Presence mod initialized.
[15:12:47] [main/ERROR]: No data fixer registered for shy_dweller
[15:12:47] [main/ERROR]: No data fixer registered for 
[15:12:48] [main/INFO]: Registered synced data key tacz:shoot_cool_down for minecraft:living_entity
[15:12:48] [main/INFO]: Registered synced data key tacz:melee_cool_down for minecraft:living_entity
[15:12:48] [main/INFO]: Registered synced data key tacz:reload_state for minecraft:living_entity
[15:12:48] [main/INFO]: Registered synced data key tacz:aiming_progress for minecraft:living_entity
[15:12:48] [main/INFO]: Registered synced data key tacz:draw_cool_down for minecraft:living_entity
[15:12:48] [main/INFO]: Registered synced data key tacz:is_aiming for minecraft:living_entity
[15:12:48] [main/INFO]: Registered synced data key tacz:sprint_time for minecraft:living_entity
[15:12:48] [main/INFO]: Registered synced data key tacz:is_bolting for minecraft:living_entity
[15:12:48] [main/INFO]: Registered synced data key tacz:throwable_using for minecraft:living_entity
[15:12:48] [main/ERROR]: No data fixer registered for target_minecart
[15:12:49] [main/ERROR]: No data fixer registered for fairy
[15:12:49] [main/ERROR]: No data fixer registered for chair
[15:12:49] [main/ERROR]: No data fixer registered for power_point
[15:12:49] [main/ERROR]: No data fixer registered for extinguishing_agent
[15:12:49] [main/ERROR]: No data fixer registered for box
[15:12:49] [main/ERROR]: No data fixer registered for throw_power_point
[15:12:49] [main/ERROR]: No data fixer registered for tombstone
[15:12:49] [main/ERROR]: No data fixer registered for sit
[15:12:49] [main/ERROR]: No data fixer registered for broom
[15:12:49] [main/INFO]: common default pack init start...
[15:12:49] [main/INFO]: common default pack init finished, cost time: 240.119 ms
[15:12:49] [main/INFO]: Environment: Environment[sessionHost=https://sessionserver.mojang.com, servicesHost=https://api.minecraftservices.com, name=PROD]
[15:12:49] [main/INFO]: Start scanning for gun packs in /home/ms33/fabric-server/tacz
[15:12:49] [main/INFO]: - elitex_quality_guns, Main namespace: elitex
[15:12:49] [main/INFO]: - tacz_default_gun, Main namespace: tacz
[15:12:49] [main/INFO]: Found 2 possible gunpack(s) and added them to resource set.
[15:12:50] [main/INFO]: Loaded 1644 recipes
[15:12:50] [main/INFO]: Loaded 1522 advancements
[15:12:50] [main/WARN]: Failed to read script file: elitex:sp_m1903_reload_logic_backup
[15:12:50] [main/WARN]: Initial datapack load took 1.316 s
[15:12:50] [main/INFO]: Applied 53 biome modifications to 53 of 64 new biomes in 7.540 ms
[15:12:50] [Server thread/INFO]: Sent config sync packet to 0 player(s)
[15:12:50] [Server thread/INFO]: Starting minecraft server version 1.21.1
[15:12:50] [Server thread/INFO]: Loading properties
[15:12:50] [Server thread/INFO]: Default game type: SURVIVAL
[15:12:50] [Server thread/INFO]: Generating keypair
[15:12:51] [Server thread/INFO]: Starting Minecraft server on *:25565
[15:12:51] [Server thread/INFO]: Using epoll channel type
[15:12:51] [Server thread/WARN]: **** SERVER IS RUNNING IN OFFLINE/INSECURE MODE!
[15:12:51] [Server thread/WARN]: The server will make no attempt to authenticate usernames. Beware.
[15:12:51] [Server thread/WARN]: While this makes the game possible to play without internet access, it also opens up the ability for hackers to connect with any username they choose.
[15:12:51] [Server thread/WARN]: To change this, set "online-mode" to "true" in the server.properties file.
[15:12:51] [Server thread/INFO]: Preparing level "world"
[15:12:51] [Server thread/INFO]: Preparing start region for dimension minecraft:overworld
[15:12:51] [Server thread/WARN]: Method overwrite conflict for removeIf in modernfix-common.mixins.json:bugfix.paper_chunk_patches.SortedArraySetMixin from mod modernfix, previously written by net.caffeinemc.mods.lithium.mixin.collections.chunk_tickets.SortedArraySetMixin. Skipping method.
[15:12:51] [Worker-Main-1/INFO]: Preparing spawn area: 0%
[15:12:51] [Server thread/INFO]: Time elapsed: 416 ms
[15:12:51] [Server thread/INFO]: Done (0.644s)! For help, type "help"
[15:12:51] [Server thread/WARN]: Dedicated server took 10.23 seconds to load
[15:12:51] [Server thread/INFO]: Lamp registry ready: 2 items (2 builtin, 0 extra)
[15:12:51] [Server thread/INFO]: [STDOUT]: Lithium Cached BlockState Flags are disabled!
[17:45:05] [Server thread/INFO]: M4ST3RPR0[/127.47.80.152:50807] logged in with entity id 6 at (81.30000001192093, 67.0, -355.7633006759308)
[17:45:05] [Server thread/INFO]: Sent config sync packet to 1 player(s)
[17:45:05] [Server thread/INFO]: M4ST3RPR0 joined the game
[17:45:51] [Server thread/INFO]: M4ST3RPR0 lost connection: Internal Exception: io.netty.handler.codec.DecoderException: Failed to decode packet 'serverbound/minecraft:set_creative_mode_slot'
[17:45:51] [Server thread/INFO]: M4ST3RPR0 left the game
[19:47:32] [Server thread/INFO]: com.mojang.authlib.GameProfile@2eee74cd[id=4ea693b3-ee2e-3401-a5ab-f674d11304a6,name=M4ST3RPR0,properties={}] lost connection: Disconnected
